[mctiers.com/rankings/overall.html]
[mctiers.com/_next/static/css/3c1371cb78d2111f.css]
[mctiers.com/_next/static/chunks/webpack-38e7d0a1be4c5636.js]
[mctiers.com/_next/static/chunks/4bd1b696-729ed41e12b7d2cf.js]
[mctiers.com/_next/static/chunks/517-91992979e8a74195.js]
[mctiers.com/_next/static/chunks/main-app-26ccbedcf3b89408.js]
[mctiers.com/_next/static/chunks/3d47b92a-d2b87b74613be6fa.js]
[mctiers.com/_next/static/chunks/897-b369c5494cbd714c.js]
[mctiers.com/_next/static/chunks/173-ec16dfc2b8316ba5.js]
[mctiers.com/_next/static/chunks/849-7a391b7157b710a0.js]
[mctiers.com/_next/static/chunks/90-488d660021bc7a63.js]
[mctiers.com/_next/static/chunks/709-47ac5a14c0b79e1e.js]
[mctiers.com/_next/static/chunks/app/layout-1674540ac1bae23b.js]
[mctiers.com/_next/static/chunks/app/not-found-f0442a55b65be32b.js]
[mctiers.com/_next/static/chunks/app/rankings/layout-cbf28f7374036785.js]
[mctiers.com/_next/static/chunks/app/rankings/loading-4ac5ff55f2d25f2e.js]
[backblue.gif]
[fade.gif]
[index.html]
[mctiers.com/_next/static/chunks/app/rankings/[gamemode]/page-347a1137502b3eb1.js]
[mctiers.com/_next/static/chunks/polyfills-42372ed130431b0a.js]
[mctiers.com/icons/header_trophy.png]
[mctiers.com/rankings/vanilla.html]
[mctiers.com/rankings/uhc.html]
[mctiers.com/rankings/pot.html]
[mctiers.com/rankings/neth.html]
[mctiers.com/rankings/smp.html]
[mctiers.com/rankings/sword.html]
[mctiers.com/rankings/axe.html]
[mctiers.com/rankings/overall.html]
[mctiers.com/_next/static/css/3c1371cb78d2111f.css]
[mctiers.com/rankings/vanilla.html]
[mctiers.com/rankings/uhc.html]
[mctiers.com/rankings/pot.html]
[mctiers.com/rankings/neth.html]
[mctiers.com/rankings/smp.html]
[mctiers.com/rankings/sword.html]
[mctiers.com/rankings/axe.html]
[mctiers.com/rankings/mace.html]
[mctiers.com/rankings/mace.html]
